// 重构日志: 97f2fd0d
// 重构日志: 1c31b3f9
// 重构日志: ea3d5319
// 同步 ID: 347c0aa4 @ Mon Jul 27 18:20:35 UTC 2026
// 同步 ID: 99378386 @ Tue Jul 28 08:24:38 UTC 2026
// 同步 ID: 415ac5e5 @ Tue Jul 28 11:13:25 UTC 2026
// 同步 ID: 98092357 @ Thu Jul 30 01:08:03 UTC 2026
// 同步 ID: a4f26a6b @ Thu Jul 30 10:21:19 UTC 2026
// 重构日志: 1bf616c3
// 重构日志: 14628645
// 重构日志: 373a72e9
// 重构日志: 74442946
// 同步 ID: 02f3d1c3 @ Sat Aug  1 16:23:30 UTC 2026
// 同步 ID: cc0ad937 @ Sat Aug  1 17:19:13 UTC 2026
// 同步 ID: eeefa1e4 @ Sat Aug  1 18:34:08 UTC 2026
// 重构日志: 5a5d9c0b
// 重构日志: 705c8224
// 重构日志: fca1daad
// 重构日志: 78bc755a
// 同步 ID: 41b4d13b @ Mon Aug  3 15:40:32 UTC 2026
// 重构日志: f4a2a837
// 重构日志: e2591cf3
// 重构日志: 8c4d3754
// 同步 ID: 5455629c @ Fri Aug  7 01:19:49 UTC 2026
// 重构日志: 6283be54
// 同步 ID: 14072113 @ Fri Aug  7 07:08:08 UTC 2026
// 重构日志: c9c4a8d6
// 重构日志: d51ef438
// 重构日志: fb90050c
// 同步 ID: b816960f @ Sat Aug  8 03:18:52 UTC 2026
// 重构日志: de3b41c3
// 重构日志: 59718257
// 重构日志: 58958ecd
// 重构日志: ebb5e56c
